Archive member included to satisfy reference by file (symbol)

/home/user/Programs/stm/plugins/com.st.stm32cube.ide.mcu.externaltools.gnu-tools-for-stm32.7-2018-q2-update.linux64_1.0.0.201904181610/tools/bin/../lib/gcc/arm-none-eabi/7.3.1/../../../../arm-none-eabi/lib/thumb/v7-m/libc_nano.a(lib_a-errno.o)
                              Src/syscalls.o (__errno)
/home/user/Programs/stm/plugins/com.st.stm32cube.ide.mcu.externaltools.gnu-tools-for-stm32.7-2018-q2-update.linux64_1.0.0.201904181610/tools/bin/../lib/gcc/arm-none-eabi/7.3.1/../../../../arm-none-eabi/lib/thumb/v7-m/libc_nano.a(lib_a-exit.o)
                              /home/user/Programs/stm/plugins/com.st.stm32cube.ide.mcu.externaltools.gnu-tools-for-stm32.7-2018-q2-update.linux64_1.0.0.201904181610/tools/bin/../lib/gcc/arm-none-eabi/7.3.1/../../../../arm-none-eabi/lib/thumb/v7-m/crt0.o (exit)
/home/user/Programs/stm/plugins/com.st.stm32cube.ide.mcu.externaltools.gnu-tools-for-stm32.7-2018-q2-update.linux64_1.0.0.201904181610/tools/bin/../lib/gcc/arm-none-eabi/7.3.1/../../../../arm-none-eabi/lib/thumb/v7-m/libc_nano.a(lib_a-impure.o)
                              /home/user/Programs/stm/plugins/com.st.stm32cube.ide.mcu.externaltools.gnu-tools-for-stm32.7-2018-q2-update.linux64_1.0.0.201904181610/tools/bin/../lib/gcc/arm-none-eabi/7.3.1/../../../../arm-none-eabi/lib/thumb/v7-m/libc_nano.a(lib_a-exit.o) (_global_impure_ptr)
/home/user/Programs/stm/plugins/com.st.stm32cube.ide.mcu.externaltools.gnu-tools-for-stm32.7-2018-q2-update.linux64_1.0.0.201904181610/tools/bin/../lib/gcc/arm-none-eabi/7.3.1/../../../../arm-none-eabi/lib/thumb/v7-m/libc_nano.a(lib_a-init.o)
                              /home/user/Programs/stm/plugins/com.st.stm32cube.ide.mcu.externaltools.gnu-tools-for-stm32.7-2018-q2-update.linux64_1.0.0.201904181610/tools/bin/../lib/gcc/arm-none-eabi/7.3.1/../../../../arm-none-eabi/lib/thumb/v7-m/crt0.o (__libc_init_array)
/home/user/Programs/stm/plugins/com.st.stm32cube.ide.mcu.externaltools.gnu-tools-for-stm32.7-2018-q2-update.linux64_1.0.0.201904181610/tools/bin/../lib/gcc/arm-none-eabi/7.3.1/../../../../arm-none-eabi/lib/thumb/v7-m/libc_nano.a(lib_a-memcpy-stub.o)
                              Middlewares/Third_Party/FreeRTOS/Source/queue.o (memcpy)
/home/user/Programs/stm/plugins/com.st.stm32cube.ide.mcu.externaltools.gnu-tools-for-stm32.7-2018-q2-update.linux64_1.0.0.201904181610/tools/bin/../lib/gcc/arm-none-eabi/7.3.1/../../../../arm-none-eabi/lib/thumb/v7-m/libc_nano.a(lib_a-memset.o)
                              /home/user/Programs/stm/plugins/com.st.stm32cube.ide.mcu.externaltools.gnu-tools-for-stm32.7-2018-q2-update.linux64_1.0.0.201904181610/tools/bin/../lib/gcc/arm-none-eabi/7.3.1/../../../../arm-none-eabi/lib/thumb/v7-m/crt0.o (memset)
/home/user/Programs/stm/plugins/com.st.stm32cube.ide.mcu.externaltools.gnu-tools-for-stm32.7-2018-q2-update.linux64_1.0.0.201904181610/tools/bin/../lib/gcc/arm-none-eabi/7.3.1/../../../../arm-none-eabi/lib/thumb/v7-m/libc_nano.a(lib_a-sprintf.o)
                              Src/libRTOS.o (sprintf)
/home/user/Programs/stm/plugins/com.st.stm32cube.ide.mcu.externaltools.gnu-tools-for-stm32.7-2018-q2-update.linux64_1.0.0.201904181610/tools/bin/../lib/gcc/arm-none-eabi/7.3.1/../../../../arm-none-eabi/lib/thumb/v7-m/libc_nano.a(lib_a-strncmp.o)
                              Src/libRTOS.o (strncmp)
/home/user/Programs/stm/plugins/com.st.stm32cube.ide.mcu.externaltools.gnu-tools-for-stm32.7-2018-q2-update.linux64_1.0.0.201904181610/tools/bin/../lib/gcc/arm-none-eabi/7.3.1/../../../../arm-none-eabi/lib/thumb/v7-m/libc_nano.a(lib_a-strncpy.o)
                              Src/libRTOS.o (strncpy)
/home/user/Programs/stm/plugins/com.st.stm32cube.ide.mcu.externaltools.gnu-tools-for-stm32.7-2018-q2-update.linux64_1.0.0.201904181610/tools/bin/../lib/gcc/arm-none-eabi/7.3.1/../../../../arm-none-eabi/lib/thumb/v7-m/libc_nano.a(lib_a-nano-svfprintf.o)
                              /home/user/Programs/stm/plugins/com.st.stm32cube.ide.mcu.externaltools.gnu-tools-for-stm32.7-2018-q2-update.linux64_1.0.0.201904181610/tools/bin/../lib/gcc/arm-none-eabi/7.3.1/../../../../arm-none-eabi/lib/thumb/v7-m/libc_nano.a(lib_a-sprintf.o) (_svfprintf_r)
/home/user/Programs/stm/plugins/com.st.stm32cube.ide.mcu.externaltools.gnu-tools-for-stm32.7-2018-q2-update.linux64_1.0.0.201904181610/tools/bin/../lib/gcc/arm-none-eabi/7.3.1/../../../../arm-none-eabi/lib/thumb/v7-m/libc_nano.a(lib_a-nano-vfprintf_i.o)
                              /home/user/Programs/stm/plugins/com.st.stm32cube.ide.mcu.externaltools.gnu-tools-for-stm32.7-2018-q2-update.linux64_1.0.0.201904181610/tools/bin/../lib/gcc/arm-none-eabi/7.3.1/../../../../arm-none-eabi/lib/thumb/v7-m/libc_nano.a(lib_a-nano-svfprintf.o) (_printf_i)
[...]
Memory Configuration

Name             Origin             Length             Attributes
RAM              0x0000000020000000 0x0000000000005000 xrw
FLASH            0x0000000008000000 0x0000000000010000 xr
*default*        0x0000000000000000 0xffffffffffffffff

Linker script and memory map

LOAD /home/user/Programs/stm/plugins/com.st.stm32cube.ide.mcu.externaltools.gnu-tools-for-stm32.7-2018-q2-update.linux64_1.0.0.201904181610/tools/bin/../lib/gcc/arm-none-eabi/7.3.1/thumb/v7-m/crti.o
LOAD /home/user/Programs/stm/plugins/com.st.stm32cube.ide.mcu.externaltools.gnu-tools-for-stm32.7-2018-q2-update.linux64_1.0.0.201904181610/tools/bin/../lib/gcc/arm-none-eabi/7.3.1/thumb/v7-m/crtbegin.o
LOAD /home/user/Programs/stm/plugins/com.st.stm32cube.ide.mcu.externaltools.gnu-tools-for-stm32.7-2018-q2-update.linux64_1.0.0.201904181610/tools/bin/../lib/gcc/arm-none-eabi/7.3.1/../../../../arm-none-eabi/lib/thumb/v7-m/crt0.o
LOAD Drivers/STM32F1xx_HAL_Driver/Src/stm32f1xx_hal.o
LOAD Drivers/STM32F1xx_HAL_Driver/Src/stm32f1xx_hal_cortex.o
LOAD Drivers/STM32F1xx_HAL_Driver/Src/stm32f1xx_hal_dma.o
LOAD Drivers/STM32F1xx_HAL_Driver/Src/stm32f1xx_hal_exti.o
LOAD Drivers/STM32F1xx_HAL_Driver/Src/stm32f1xx_hal_flash.o
LOAD Drivers/STM32F1xx_HAL_Driver/Src/stm32f1xx_hal_flash_ex.o
LOAD Drivers/STM32F1xx_HAL_Driver/Src/stm32f1xx_hal_gpio.o
LOAD Drivers/STM32F1xx_HAL_Driver/Src/stm32f1xx_hal_gpio_ex.o
LOAD Drivers/STM32F1xx_HAL_Driver/Src/stm32f1xx_hal_pwr.o
LOAD Drivers/STM32F1xx_HAL_Driver/Src/stm32f1xx_hal_rcc.o
LOAD Drivers/STM32F1xx_HAL_Driver/Src/stm32f1xx_hal_rcc_ex.o
LOAD Drivers/STM32F1xx_HAL_Driver/Src/stm32f1xx_hal_tim.o
LOAD Drivers/STM32F1xx_HAL_Driver/Src/stm32f1xx_hal_tim_ex.o
LOAD Middlewares/Third_Party/FreeRTOS/Source/CMSIS_RTOS/cmsis_os.o
LOAD Middlewares/Third_Party/FreeRTOS/Source/croutine.o
LOAD Middlewares/Third_Party/FreeRTOS/Source/event_groups.o
LOAD Middlewares/Third_Party/FreeRTOS/Source/list.o
LOAD Middlewares/Third_Party/FreeRTOS/Source/queue.o
LOAD Middlewares/Third_Party/FreeRTOS/Source/stream_buffer.o
LOAD Middlewares/Third_Party/FreeRTOS/Source/tasks.o
LOAD Middlewares/Third_Party/FreeRTOS/Source/timers.o
LOAD Middlewares/Third_Party/FreeRTOS/Source/portable/GCC/ARM_CM3/port.o
LOAD Middlewares/Third_Party/FreeRTOS/Source/portable/MemMang/heap_4.o
LOAD Src/ds18b20.o
LOAD Src/freertos.o
LOAD Src/libADC.o
LOAD Src/libEXT.o
LOAD Src/libRCC.o
LOAD Src/libRTOS.o
LOAD Src/libTIM.o
LOAD Src/libUSART.o
LOAD Src/main.o
LOAD Src/stm32f1xx_hal_msp.o
LOAD Src/stm32f1xx_it.o
LOAD Src/syscalls.o
LOAD Src/sysmem.o
LOAD Src/system_stm32f1xx.o
LOAD Startup/startup_stm32f103c8tx.o
START GROUP
LOAD /home/user/Programs/stm/plugins/com.st.stm32cube.ide.mcu.externaltools.gnu-tools-for-stm32.7-2018-q2-update.linux64_1.0.0.201904181610/tools/bin/../lib/gcc/arm-none-eabi/7.3.1/../../../../arm-none-eabi/lib/thumb/v7-m/libc_nano.a
LOAD /home/user/Programs/stm/plugins/com.st.stm32cube.ide.mcu.externaltools.gnu-tools-for-stm32.7-2018-q2-update.linux64_1.0.0.201904181610/tools/bin/../lib/gcc/arm-none-eabi/7.3.1/../../../../arm-none-eabi/lib/thumb/v7-m/libm.a
END GROUP
START GROUP
LOAD /home/user/Programs/stm/plugins/com.st.stm32cube.ide.mcu.externaltools.gnu-tools-for-stm32.7-2018-q2-update.linux64_1.0.0.201904181610/tools/bin/../lib/gcc/arm-none-eabi/7.3.1/thumb/v7-m/libgcc.a
LOAD /home/user/Programs/stm/plugins/com.st.stm32cube.ide.mcu.externaltools.gnu-tools-for-stm32.7-2018-q2-update.linux64_1.0.0.201904181610/tools/bin/../lib/gcc/arm-none-eabi/7.3.1/../../../../arm-none-eabi/lib/thumb/v7-m/libc_nano.a
END GROUP
START GROUP
LOAD /home/user/Programs/stm/plugins/com.st.stm32cube.ide.mcu.externaltools.gnu-tools-for-stm32.7-2018-q2-update.linux64_1.0.0.201904181610/tools/bin/../lib/gcc/arm-none-eabi/7.3.1/thumb/v7-m/libgcc.a
LOAD /home/user/Programs/stm/plugins/com.st.stm32cube.ide.mcu.externaltools.gnu-tools-for-stm32.7-2018-q2-update.linux64_1.0.0.201904181610/tools/bin/../lib/gcc/arm-none-eabi/7.3.1/../../../../arm-none-eabi/lib/thumb/v7-m/libc_nano.a
LOAD /home/user/Programs/stm/plugins/com.st.stm32cube.ide.mcu.externaltools.gnu-tools-for-stm32.7-2018-q2-update.linux64_1.0.0.201904181610/tools/bin/../lib/gcc/arm-none-eabi/7.3.1/../../../../arm-none-eabi/lib/thumb/v7-m/libnosys.a
END GROUP
START GROUP
LOAD /home/user/Programs/stm/plugins/com.st.stm32cube.ide.mcu.externaltools.gnu-tools-for-stm32.7-2018-q2-update.linux64_1.0.0.201904181610/tools/bin/../lib/gcc/arm-none-eabi/7.3.1/thumb/v7-m/libgcc.a
LOAD /home/user/Programs/stm/plugins/com.st.stm32cube.ide.mcu.externaltools.gnu-tools-for-stm32.7-2018-q2-update.linux64_1.0.0.201904181610/tools/bin/../lib/gcc/arm-none-eabi/7.3.1/../../../../arm-none-eabi/lib/thumb/v7-m/libc_nano.a
LOAD /home/user/Programs/stm/plugins/com.st.stm32cube.ide.mcu.externaltools.gnu-tools-for-stm32.7-2018-q2-update.linux64_1.0.0.201904181610/tools/bin/../lib/gcc/arm-none-eabi/7.3.1/../../../../arm-none-eabi/lib/thumb/v7-m/libnosys.a
END GROUP
LOAD /home/user/Programs/stm/plugins/com.st.stm32cube.ide.mcu.externaltools.gnu-tools-for-stm32.7-2018-q2-update.linux64_1.0.0.201904181610/tools/bin/../lib/gcc/arm-none-eabi/7.3.1/thumb/v7-m/crtend.o
LOAD /home/user/Programs/stm/plugins/com.st.stm32cube.ide.mcu.externaltools.gnu-tools-for-stm32.7-2018-q2-update.linux64_1.0.0.201904181610/tools/bin/../lib/gcc/arm-none-eabi/7.3.1/thumb/v7-m/crtn.o
                0x0000000020005000                _estack = 0x20005000
                0x0000000000000200                _Min_Heap_Size = 0x200
                0x0000000000000400                _Min_Stack_Size = 0x400

.isr_vector     0x0000000008000000      0x10c
                0x0000000008000000                . = ALIGN (0x4)
 *(.isr_vector)
 .isr_vector    0x0000000008000000      0x10c Startup/startup_stm32f103c8tx.o
                0x0000000008000000                g_pfnVectors
                0x000000000800010c                . = ALIGN (0x4)

.text           0x0000000008000110     0x3c24
                0x0000000008000110                . = ALIGN (0x4)
 *(.text)
 .text          0x0000000008000110       0x40 /home/user/Programs/stm/plugins/com.st.stm32cube.ide.mcu.externaltools.gnu-tools-for-stm32.7-2018-q2-update.linux64_1.0.0.201904181610/tools/bin/../lib/gcc/arm-none-eabi/7.3.1/thumb/v7-m/crtbegin.o
 *(.text*)
 .text.HAL_IncTick
                0x0000000008000150       0x24 Drivers/STM32F1xx_HAL_Driver/Src/stm32f1xx_hal.o
                0x0000000008000150                HAL_IncTick
 .text.vListInitialise
                0x0000000008000174       0x3e Middlewares/Third_Party/FreeRTOS/Source/list.o
                0x0000000008000174                vListInitialise
 .text.vListInitialiseItem
                0x00000000080001b2       0x18 Middlewares/Third_Party/FreeRTOS/Source/list.o
                0x00000000080001b2                vListInitialiseItem
 .text.vListInsertEnd
                0x00000000080001ca       0x46 Middlewares/Third_Party/FreeRTOS/Source/list.o
                0x00000000080001ca                vListInsertEnd
 .text.vListInsert
                0x0000000008000210       0x70 Middlewares/Third_Party/FreeRTOS/Source/list.o
                0x0000000008000210                vListInsert
 .text.uxListRemove
                0x0000000008000280       0x52 Middlewares/Third_Party/FreeRTOS/Source/list.o
                0x0000000008000280                uxListRemove
 *fill*         0x00000000080002d2        0x2 
 .text.xQueueGenericReset
                0x00000000080002d4       0xd0 Middlewares/Third_Party/FreeRTOS/Source/queue.o
                0x00000000080002d4                xQueueGenericReset
 .text.xQueueGenericCreate
                0x00000000080003a4       0x72 Middlewares/Third_Party/FreeRTOS/Source/queue.o
                0x00000000080003a4                xQueueGenericCreate
 .text.prvInitialiseNewQueue
                0x0000000008000416       0x3e Middlewares/Third_Party/FreeRTOS/Source/queue.o
 .text.xQueueGenericSend
                0x0000000008000454      0x1f4 Middlewares/Third_Party/FreeRTOS/Source/queue.o
                0x0000000008000454                xQueueGenericSend
 .text.xQueueSemaphoreTake
                0x0000000008000648      0x210 Middlewares/Third_Party/FreeRTOS/Source/queue.o
                0x0000000008000648                xQueueSemaphoreTake
 .text.prvGetDisinheritPriorityAfterTimeout
                0x0000000008000858       0x2e Middlewares/Third_Party/FreeRTOS/Source/queue.o
 .text.prvCopyDataToQueue
                0x0000000008000886       0xd4 Middlewares/Third_Party/FreeRTOS/Source/queue.o
 .text.prvUnlockQueue
                0x000000000800095a       0xa4 Middlewares/Third_Party/FreeRTOS/Source/queue.o
 .text.prvIsQueueEmpty
                0x00000000080009fe       0x2c Middlewares/Third_Party/FreeRTOS/Source/queue.o
 .text.prvIsQueueFull
                0x0000000008000a2a       0x30 Middlewares/Third_Party/FreeRTOS/Source/queue.o
 .text.xTaskCreate
                0x0000000008000a5a       0x82 Middlewares/Third_Party/FreeRTOS/Source/tasks.o
                0x0000000008000a5a                xTaskCreate
 .text.prvInitialiseNewTask
                0x0000000008000adc       0xfc Middlewares/Third_Party/FreeRTOS/Source/tasks.o
 .text.prvAddNewTaskToReadyList
                0x0000000008000bd8       0xd4 Middlewares/Third_Party/FreeRTOS/Source/tasks.o
 .text.vTaskDelay
                0x0000000008000cac       0x68 Middlewares/Third_Party/FreeRTOS/Source/tasks.o
                0x0000000008000cac                vTaskDelay
 .text.vTaskSuspend
                0x0000000008000d14      0x124 Middlewares/Third_Party/FreeRTOS/Source/tasks.o
                0x0000000008000d14                vTaskSuspend
 .text.prvTaskIsTaskSuspended
                0x0000000008000e38       0x74 Middlewares/Third_Party/FreeRTOS/Source/tasks.o
 .text.vTaskResume
                0x0000000008000eac       0xb8 Middlewares/Third_Party/FreeRTOS/Source/tasks.o
                0x0000000008000eac                vTaskResume
 .text.vTaskStartScheduler
                0x0000000008000f64       0x8c Middlewares/Third_Party/FreeRTOS/Source/tasks.o
                0x0000000008000f64                vTaskStartScheduler
 .text.vTaskSuspendAll
                0x0000000008000ff0       0x1c Middlewares/Third_Party/FreeRTOS/Source/tasks.o
                0x0000000008000ff0                vTaskSuspendAll
 .text.xTaskResumeAll
                0x000000000800100c      0x138 Middlewares/Third_Party/FreeRTOS/Source/tasks.o
                0x000000000800100c                xTaskResumeAll
 .text.xTaskIncrementTick
                0x0000000008001144      0x178 Middlewares/Third_Party/FreeRTOS/Source/tasks.o
                0x0000000008001144                xTaskIncrementTick
 .text.vTaskSwitchContext
                0x00000000080012bc       0xb4 Middlewares/Third_Party/FreeRTOS/Source/tasks.o
                0x00000000080012bc                vTaskSwitchContext
 .text.vTaskPlaceOnEventList
                0x0000000008001370       0x48 Middlewares/Third_Party/FreeRTOS/Source/tasks.o
                0x0000000008001370                vTaskPlaceOnEventList
 .text.xTaskRemoveFromEventList
                0x00000000080013b8       0xc4 Middlewares/Third_Party/FreeRTOS/Source/tasks.o
                0x00000000080013b8                xTaskRemoveFromEventList
 .text.vTaskInternalSetTimeOutState
                0x000000000800147c       0x2c Middlewares/Third_Party/FreeRTOS/Source/tasks.o
                0x000000000800147c                vTaskInternalSetTimeOutState
 .text.xTaskCheckForTimeOut
                0x00000000080014a8       0xc0 Middlewares/Third_Party/FreeRTOS/Source/tasks.o
                0x00000000080014a8                xTaskCheckForTimeOut
 .text.vTaskMissedYield
                0x0000000008001568       0x18 Middlewares/Third_Party/FreeRTOS/Source/tasks.o
                0x0000000008001568                vTaskMissedYield
 .text.prvIdleTask
                0x0000000008001580       0x30 Middlewares/Third_Party/FreeRTOS/Source/tasks.o
 .text.prvInitialiseTaskLists
                0x00000000080015b0       0x80 Middlewares/Third_Party/FreeRTOS/Source/tasks.o
 .text.prvCheckTasksWaitingTermination
                0x0000000008001630       0x58 Middlewares/Third_Party/FreeRTOS/Source/tasks.o
 .text.prvDeleteTCB
                0x0000000008001688       0x20 Middlewares/Third_Party/FreeRTOS/Source/tasks.o
 .text.prvResetNextTaskUnblockTime
                0x00000000080016a8       0x48 Middlewares/Third_Party/FreeRTOS/Source/tasks.o
 .text.xTaskGetSchedulerState
                0x00000000080016f0       0x3c Middlewares/Third_Party/FreeRTOS/Source/tasks.o
                0x00000000080016f0                xTaskGetSchedulerState
 .text.xTaskPriorityInherit
                0x000000000800172c      0x10c Middlewares/Third_Party/FreeRTOS/Source/tasks.o
                0x000000000800172c                xTaskPriorityInherit
 .text.xTaskPriorityDisinherit
                0x0000000008001838      0x108 Middlewares/Third_Party/FreeRTOS/Source/tasks.o
                0x0000000008001838                xTaskPriorityDisinherit
 .text.vTaskPriorityDisinheritAfterTimeout
                0x0000000008001940      0x13c Middlewares/Third_Party/FreeRTOS/Source/tasks.o
                0x0000000008001940                vTaskPriorityDisinheritAfterTimeout
 .text.pvTaskIncrementMutexHeldCount
                0x0000000008001a7c       0x28 Middlewares/Third_Party/FreeRTOS/Source/tasks.o
                0x0000000008001a7c                pvTaskIncrementMutexHeldCount
 .text.prvAddCurrentTaskToDelayedList
                0x0000000008001aa4       0xcc Middlewares/Third_Party/FreeRTOS/Source/tasks.o
 .text.pxPortInitialiseStack
                0x0000000008001b70       0x58 Middlewares/Third_Party/FreeRTOS/Source/portable/GCC/ARM_CM3/port.o
                0x0000000008001b70                pxPortInitialiseStack
 .text.prvTaskExitError
                0x0000000008001bc8       0x50 Middlewares/Third_Party/FreeRTOS/Source/portable/GCC/ARM_CM3/port.o
 *fill*         0x0000000008001c18        0x8 
 .text.SVC_Handler
                0x0000000008001c20       0x28 Middlewares/Third_Party/FreeRTOS/Source/portable/GCC/ARM_CM3/port.o
                0x0000000008001c20                SVC_Handler
 .text.prvPortStartFirstTask
                0x0000000008001c48       0x20 Middlewares/Third_Party/FreeRTOS/Source/portable/GCC/ARM_CM3/port.o
 .text.xPortStartScheduler
                0x0000000008001c68       0xe0 Middlewares/Third_Party/FreeRTOS/Source/portable/GCC/ARM_CM3/port.o
                0x0000000008001c68                xPortStartScheduler
 .text.vPortEnterCritical
                0x0000000008001d48       0x5c Middlewares/Third_Party/FreeRTOS/Source/portable/GCC/ARM_CM3/port.o
                0x0000000008001d48                vPortEnterCritical
 .text.vPortExitCritical
                0x0000000008001da4       0x4c Middlewares/Third_Party/FreeRTOS/Source/portable/GCC/ARM_CM3/port.o
                0x0000000008001da4                vPortExitCritical
 .text.PendSV_Handler
                0x0000000008001df0       0x48 Middlewares/Third_Party/FreeRTOS/Source/portable/GCC/ARM_CM3/port.o
                0x0000000008001df0                PendSV_Handler
 .text.xPortSysTickHandler
                0x0000000008001e38       0x40 Middlewares/Third_Party/FreeRTOS/Source/portable/GCC/ARM_CM3/port.o
                0x0000000008001e38                xPortSysTickHandler
 .text.vPortSetupTimerInterrupt
                0x0000000008001e78       0x4c Middlewares/Third_Party/FreeRTOS/Source/portable/GCC/ARM_CM3/port.o
                0x0000000008001e78                vPortSetupTimerInterrupt
 .text.pvPortMalloc
                0x0000000008001ec4      0x184 Middlewares/Third_Party/FreeRTOS/Source/portable/MemMang/heap_4.o
                0x0000000008001ec4                pvPortMalloc
 .text.vPortFree
                0x0000000008002048       0xb0 Middlewares/Third_Party/FreeRTOS/Source/portable/MemMang/heap_4.o
                0x0000000008002048                vPortFree
 .text.prvHeapInit
                0x00000000080020f8       0xc4 Middlewares/Third_Party/FreeRTOS/Source/portable/MemMang/heap_4.o
 .text.prvInsertBlockIntoFreeList
                0x00000000080021bc       0xb0 Middlewares/Third_Party/FreeRTOS/Source/portable/MemMang/heap_4.o
 .text.ADC_Mode_Init
                0x000000000800226c      0x118 Src/libADC.o
                0x000000000800226c                ADC_Mode_Init
 .text.ADC_POWER
                0x0000000008002384       0x3c Src/libADC.o
                0x0000000008002384                ADC_POWER
 .text.ADC_Calibrate
                0x00000000080023c0       0x48 Src/libADC.o
                0x00000000080023c0                ADC_Calibrate
 .text.ADC_GPIO_Init
                0x0000000008002408       0x98 Src/libADC.o
                0x0000000008002408                ADC_GPIO_Init
 .text.ADC_DMA_Init
                0x00000000080024a0       0xa0 Src/libADC.o
                0x00000000080024a0                ADC_DMA_Init
 .text.RCC_PLL_Init
                0x0000000008002540       0xe8 Src/libRCC.o
                0x0000000008002540                RCC_PLL_Init
 .text.vTaskBlink
                0x0000000008002628       0x5c Src/libRTOS.o
                0x0000000008002628                vTaskBlink
 .text.vTaskHello
                0x0000000008002684       0x24 Src/libRTOS.o
                0x0000000008002684                vTaskHello
 .text.vTaskADCConvert
                0x00000000080026a8      0x10c Src/libRTOS.o
                0x00000000080026a8                vTaskADCConvert
 .text.vTaskServo
                0x00000000080027b4       0x68 Src/libRTOS.o
                0x00000000080027b4                vTaskServo
 .text.vTaskCmdExe
                0x000000000800281c      0x608 Src/libRTOS.o
                0x000000000800281c                vTaskCmdExe
 .text.PWM_Servo_Init_TIM3
                0x0000000008002e24       0xd0 Src/libTIM.o
                0x0000000008002e24                PWM_Servo_Init_TIM3
 .text.PWM_Level_TIM3_Ch1
                0x0000000008002ef4       0x20 Src/libTIM.o
                0x0000000008002ef4                PWM_Level_TIM3_Ch1
 .text.PWM_Level_TIM3_Ch2
                0x0000000008002f14       0x20 Src/libTIM.o
                0x0000000008002f14                PWM_Level_TIM3_Ch2
 .text.PWM_Power_Init_TIM3
                0x0000000008002f34       0xd0 Src/libTIM.o
                0x0000000008002f34                PWM_Power_Init_TIM3
 .text.__NVIC_EnableIRQ
                0x0000000008003004       0x38 Src/libUSART.o
 .text.USART1_GPIO_Init
                0x000000000800303c       0x68 Src/libUSART.o
                0x000000000800303c                USART1_GPIO_Init
 .text.USART1_Mode_Init
                0x00000000080030a4       0x4c Src/libUSART.o
                0x00000000080030a4                USART1_Mode_Init
 .text.USART1SendChar
                0x00000000080030f0       0x2c Src/libUSART.o
                0x00000000080030f0                USART1SendChar
 .text.USART1SendStr
                0x000000000800311c       0x36 Src/libUSART.o
                0x000000000800311c                USART1SendStr
 *fill*         0x0000000008003152        0x2 
 .text.main     0x0000000008003154       0xb4 Src/main.o
                0x0000000008003154                main
 .text.USART1_IRQHandler
                0x0000000008003208       0xe0 Src/main.o
                0x0000000008003208                USART1_IRQHandler
 .text.NMI_Handler
                0x00000000080032e8        0xc Src/stm32f1xx_it.o
                0x00000000080032e8                NMI_Handler
 .text.HardFault_Handler
                0x00000000080032f4        0x6 Src/stm32f1xx_it.o
                0x00000000080032f4                HardFault_Handler
 .text.MemManage_Handler
                0x00000000080032fa        0x6 Src/stm32f1xx_it.o
                0x00000000080032fa                MemManage_Handler
 .text.BusFault_Handler
                0x0000000008003300        0x6 Src/stm32f1xx_it.o
                0x0000000008003300                BusFault_Handler
 .text.UsageFault_Handler
                0x0000000008003306        0x6 Src/stm32f1xx_it.o
                0x0000000008003306                UsageFault_Handler
 .text.DebugMon_Handler
                0x000000000800330c        0xc Src/stm32f1xx_it.o
                0x000000000800330c                DebugMon_Handler
 .text.SysTick_Handler
                0x0000000008003318       0x1a Src/stm32f1xx_it.o
                0x0000000008003318                SysTick_Handler
 *fill*         0x0000000008003332        0x2 
 .text._sbrk    0x0000000008003334       0x58 Src/sysmem.o
                0x0000000008003334                _sbrk
 .text.SystemInit
                0x000000000800338c       0x68 Src/system_stm32f1xx.o
                0x000000000800338c                SystemInit
 .text.Reset_Handler
                0x00000000080033f4       0x48 Startup/startup_stm32f103c8tx.o
                0x00000000080033f4                Reset_Handler
 .text.Default_Handler
                0x000000000800343c        0x2 Startup/startup_stm32f103c8tx.o
                0x000000000800343c                RTC_Alarm_IRQHandler
                0x000000000800343c                EXTI2_IRQHandler
                0x000000000800343c                TIM1_CC_IRQHandler
                0x000000000800343c                PVD_IRQHandler
                0x000000000800343c                EXTI3_IRQHandler
                0x000000000800343c                EXTI0_IRQHandler
                0x000000000800343c                I2C2_EV_IRQHandler
                0x000000000800343c                ADC1_2_IRQHandler
                0x000000000800343c                SPI1_IRQHandler
                0x000000000800343c                TAMPER_IRQHandler
                0x000000000800343c                DMA1_Channel4_IRQHandler
                0x000000000800343c                USART3_IRQHandler
                0x000000000800343c                RTC_IRQHandler
                0x000000000800343c                DMA1_Channel7_IRQHandler
                0x000000000800343c                CAN1_RX1_IRQHandler
                0x000000000800343c                TIM4_IRQHandler
                0x000000000800343c                I2C1_EV_IRQHandler
                0x000000000800343c                DMA1_Channel6_IRQHandler
                0x000000000800343c                TIM3_IRQHandler
                0x000000000800343c                RCC_IRQHandler
                0x000000000800343c                TIM1_TRG_COM_IRQHandler
                0x000000000800343c                DMA1_Channel1_IRQHandler
                0x000000000800343c                Default_Handler
                0x000000000800343c                EXTI15_10_IRQHandler
                0x000000000800343c                EXTI9_5_IRQHandler
                0x000000000800343c                SPI2_IRQHandler
                0x000000000800343c                DMA1_Channel5_IRQHandler
                0x000000000800343c                EXTI4_IRQHandler
                0x000000000800343c                USB_LP_CAN1_RX0_IRQHandler
                0x000000000800343c                USB_HP_CAN1_TX_IRQHandler
                0x000000000800343c                DMA1_Channel3_IRQHandler
                0x000000000800343c                TIM1_UP_IRQHandler
                0x000000000800343c                WWDG_IRQHandler
                0x000000000800343c                TIM2_IRQHandler
                0x000000000800343c                TIM1_BRK_IRQHandler
                0x000000000800343c                EXTI1_IRQHandler
                0x000000000800343c                USART2_IRQHandler
                0x000000000800343c                I2C2_ER_IRQHandler
                0x000000000800343c                DMA1_Channel2_IRQHandler
                0x000000000800343c                CAN1_SCE_IRQHandler
                0x000000000800343c                FLASH_IRQHandler
                0x000000000800343c                I2C1_ER_IRQHandler
                0x000000000800343c                USBWakeUp_IRQHandler
 *fill*         0x000000000800343e        0x2 
 .text.__errno  0x0000000008003440        0xc /home/user/Programs/stm/plugins/com.st.stm32cube.ide.mcu.externaltools.gnu-tools-for-stm32.7-2018-q2-update.linux64_1.0.0.201904181610/tools/bin/../lib/gcc/arm-none-eabi/7.3.1/../../../../arm-none-eabi/lib/thumb/v7-m/libc_nano.a(lib_a-errno.o)
                0x0000000008003440                __errno
 .text.__libc_init_array
                0x000000000800344c       0x48 /home/user/Programs/stm/plugins/com.st.stm32cube.ide.mcu.externaltools.gnu-tools-for-stm32.7-2018-q2-update.linux64_1.0.0.201904181610/tools/bin/../lib/gcc/arm-none-eabi/7.3.1/../../../../arm-none-eabi/lib/thumb/v7-m/libc_nano.a(lib_a-init.o)
                0x000000000800344c                __libc_init_array
 .text.memcpy   0x0000000008003494       0x16 /home/user/Programs/stm/plugins/com.st.stm32cube.ide.mcu.externaltools.gnu-tools-for-stm32.7-2018-q2-update.linux64_1.0.0.201904181610/tools/bin/../lib/gcc/arm-none-eabi/7.3.1/../../../../arm-none-eabi/lib/thumb/v7-m/libc_nano.a(lib_a-memcpy-stub.o)
                0x0000000008003494                memcpy
 .text.memset   0x00000000080034aa       0x10 /home/user/Programs/stm/plugins/com.st.stm32cube.ide.mcu.externaltools.gnu-tools-for-stm32.7-2018-q2-update.linux64_1.0.0.201904181610/tools/bin/../lib/gcc/arm-none-eabi/7.3.1/../../../../arm-none-eabi/lib/thumb/v7-m/libc_nano.a(lib_a-memset.o)
                0x00000000080034aa                memset
 *fill*         0x00000000080034ba        0x2 
 .text.sprintf  0x00000000080034bc       0x40 /home/user/Programs/stm/plugins/com.st.stm32cube.ide.mcu.externaltools.gnu-tools-for-stm32.7-2018-q2-update.linux64_1.0.0.201904181610/tools/bin/../lib/gcc/arm-none-eabi/7.3.1/../../../../arm-none-eabi/lib/thumb/v7-m/libc_nano.a(lib_a-sprintf.o)
                0x00000000080034bc                sprintf
                0x00000000080034bc                siprintf
 .text.strncmp  0x00000000080034fc       0x24 /home/user/Programs/stm/plugins/com.st.stm32cube.ide.mcu.externaltools.gnu-tools-for-stm32.7-2018-q2-update.linux64_1.0.0.201904181610/tools/bin/../lib/gcc/arm-none-eabi/7.3.1/../../../../arm-none-eabi/lib/thumb/v7-m/libc_nano.a(lib_a-strncmp.o)
                0x00000000080034fc                strncmp
 .text.strncpy  0x0000000008003520       0x2a /home/user/Programs/stm/plugins/com.st.stm32cube.ide.mcu.externaltools.gnu-tools-for-stm32.7-2018-q2-update.linux64_1.0.0.201904181610/tools/bin/../lib/gcc/arm-none-eabi/7.3.1/../../../../arm-none-eabi/lib/thumb/v7-m/libc_nano.a(lib_a-strncpy.o)
                0x0000000008003520                strncpy
 .text.__ssputs_r
                0x000000000800354a       0xb4 /home/user/Programs/stm/plugins/com.st.stm32cube.ide.mcu.externaltools.gnu-tools-for-stm32.7-2018-q2-update.linux64_1.0.0.201904181610/tools/bin/../lib/gcc/arm-none-eabi/7.3.1/../../../../arm-none-eabi/lib/thumb/v7-m/libc_nano.a(lib_a-nano-svfprintf.o)
                0x000000000800354a                __ssputs_r
 *fill*         0x00000000080035fe        0x2 
 .text._svfprintf_r
                0x0000000008003600      0x1f0 /home/user/Programs/stm/plugins/com.st.stm32cube.ide.mcu.externaltools.gnu-tools-for-stm32.7-2018-q2-update.linux64_1.0.0.201904181610/tools/bin/../lib/gcc/arm-none-eabi/7.3.1/../../../../arm-none-eabi/lib/thumb/v7-m/libc_nano.a(lib_a-nano-svfprintf.o)
                0x0000000008003600                _svfprintf_r
                0x0000000008003600                _svfiprintf_r
 .text._printf_common
                0x00000000080037f0       0xec /home/user/Programs/stm/plugins/com.st.stm32cube.ide.mcu.externaltools.gnu-tools-for-stm32.7-2018-q2-update.linux64_1.0.0.201904181610/tools/bin/../lib/gcc/arm-none-eabi/7.3.1/../../../../arm-none-eabi/lib/thumb/v7-m/libc_nano.a(lib_a-nano-vfprintf_i.o)
                0x00000000080037f0                _printf_common
 .text._printf_i
                0x00000000080038dc      0x224 /home/user/Programs/stm/plugins/com.st.stm32cube.ide.mcu.externaltools.gnu-tools-for-stm32.7-2018-q2-update.linux64_1.0.0.201904181610/tools/bin/../lib/gcc/arm-none-eabi/7.3.1/../../../../arm-none-eabi/lib/thumb/v7-m/libc_nano.a(lib_a-nano-vfprintf_i.o)
                0x00000000080038dc                _printf_i
 .text.memchr   0x0000000008003b00       0x1c /home/user/Programs/stm/plugins/com.st.stm32cube.ide.mcu.externaltools.gnu-tools-for-stm32.7-2018-q2-update.linux64_1.0.0.201904181610/tools/bin/../lib/gcc/arm-none-eabi/7.3.1/../../../../arm-none-eabi/lib/thumb/v7-m/libc_nano.a(lib_a-memchr-stub.o)
                0x0000000008003b00                memchr
 .text.memmove  0x0000000008003b1c       0x32 /home/user/Programs/stm/plugins/com.st.stm32cube.ide.mcu.externaltools.gnu-tools-for-stm32.7-2018-q2-update.linux64_1.0.0.201904181610/tools/bin/../lib/gcc/arm-none-eabi/7.3.1/../../../../arm-none-eabi/lib/thumb/v7-m/libc_nano.a(lib_a-memmove.o)
                0x0000000008003b1c                memmove
 *fill*         0x0000000008003b4e        0x2 
 .text._free_r  0x0000000008003b50       0x98 /home/user/Programs/stm/plugins/com.st.stm32cube.ide.mcu.externaltools.gnu-tools-for-stm32.7-2018-q2-update.linux64_1.0.0.201904181610/tools/bin/../lib/gcc/arm-none-eabi/7.3.1/../../../../arm-none-eabi/lib/thumb/v7-m/libc_nano.a(lib_a-nano-freer.o)
                0x0000000008003b50                _free_r
 .text._malloc_r
                0x0000000008003be8       0xb4 /home/user/Programs/stm/plugins/com.st.stm32cube.ide.mcu.externaltools.gnu-tools-for-stm32.7-2018-q2-update.linux64_1.0.0.201904181610/tools/bin/../lib/gcc/arm-none-eabi/7.3.1/../../../../arm-none-eabi/lib/thumb/v7-m/libc_nano.a(lib_a-nano-mallocr.o)
                0x0000000008003be8                _malloc_r
 .text._realloc_r
                0x0000000008003c9c       0x4c /home/user/Programs/stm/plugins/com.st.stm32cube.ide.mcu.externaltools.gnu-tools-for-stm32.7-2018-q2-update.linux64_1.0.0.201904181610/tools/bin/../lib/gcc/arm-none-eabi/7.3.1/../../../../arm-none-eabi/lib/thumb/v7-m/libc_nano.a(lib_a-nano-reallocr.o)
                0x0000000008003c9c                _realloc_r
 .text._sbrk_r  0x0000000008003ce8       0x20 /home/user/Programs/stm/plugins/com.st.stm32cube.ide.mcu.externaltools.gnu-tools-for-stm32.7-2018-q2-update.linux64_1.0.0.201904181610/tools/bin/../lib/gcc/arm-none-eabi/7.3.1/../../../../arm-none-eabi/lib/thumb/v7-m/libc_nano.a(lib_a-sbrkr.o)
                0x0000000008003ce8                _sbrk_r
 .text.__malloc_lock
                0x0000000008003d08        0x2 /home/user/Programs/stm/plugins/com.st.stm32cube.ide.mcu.externaltools.gnu-tools-for-stm32.7-2018-q2-update.linux64_1.0.0.201904181610/tools/bin/../lib/gcc/arm-none-eabi/7.3.1/../../../../arm-none-eabi/lib/thumb/v7-m/libc_nano.a(lib_a-mlock.o)
                0x0000000008003d08                __malloc_lock
 .text.__malloc_unlock
                0x0000000008003d0a        0x2 /home/user/Programs/stm/plugins/com.st.stm32cube.ide.mcu.externaltools.gnu-tools-for-stm32.7-2018-q2-update.linux64_1.0.0.201904181610/tools/bin/../lib/gcc/arm-none-eabi/7.3.1/../../../../arm-none-eabi/lib/thumb/v7-m/libc_nano.a(lib_a-mlock.o)
                0x0000000008003d0a                __malloc_unlock
 .text._malloc_usable_size_r
                0x0000000008003d0c       0x10 /home/user/Programs/stm/plugins/com.st.stm32cube.ide.mcu.externaltools.gnu-tools-for-stm32.7-2018-q2-update.linux64_1.0.0.201904181610/tools/bin/../lib/gcc/arm-none-eabi/7.3.1/../../../../arm-none-eabi/lib/thumb/v7-m/libc_nano.a(lib_a-nano-msizer.o)
                0x0000000008003d0c                _malloc_usable_size_r
 *(.glue_7)
 .glue_7        0x0000000008003d1c        0x0 linker stubs
 *(.glue_7t)
 .glue_7t       0x0000000008003d1c        0x0 linker stubs
 *(.eh_frame)
 .eh_frame      0x0000000008003d1c        0x0 /home/user/Programs/stm/plugins/com.st.stm32cube.ide.mcu.externaltools.gnu-tools-for-stm32.7-2018-q2-update.linux64_1.0.0.201904181610/tools/bin/../lib/gcc/arm-none-eabi/7.3.1/thumb/v7-m/crtbegin.o
 *(.init)
 .init          0x0000000008003d1c        0x4 /home/user/Programs/stm/plugins/com.st.stm32cube.ide.mcu.externaltools.gnu-tools-for-stm32.7-2018-q2-update.linux64_1.0.0.201904181610/tools/bin/../lib/gcc/arm-none-eabi/7.3.1/thumb/v7-m/crti.o
                0x0000000008003d1c                _init
 .init          0x0000000008003d20        0x8 /home/user/Programs/stm/plugins/com.st.stm32cube.ide.mcu.externaltools.gnu-tools-for-stm32.7-2018-q2-update.linux64_1.0.0.201904181610/tools/bin/../lib/gcc/arm-none-eabi/7.3.1/thumb/v7-m/crtn.o
 *(.fini)
 .fini          0x0000000008003d28        0x4 /home/user/Programs/stm/plugins/com.st.stm32cube.ide.mcu.externaltools.gnu-tools-for-stm32.7-2018-q2-update.linux64_1.0.0.201904181610/tools/bin/../lib/gcc/arm-none-eabi/7.3.1/thumb/v7-m/crti.o
                0x0000000008003d28                _fini
 .fini          0x0000000008003d2c        0x8 /home/user/Programs/stm/plugins/com.st.stm32cube.ide.mcu.externaltools.gnu-tools-for-stm32.7-2018-q2-update.linux64_1.0.0.201904181610/tools/bin/../lib/gcc/arm-none-eabi/7.3.1/thumb/v7-m/crtn.o
                0x0000000008003d34                . = ALIGN (0x4)
                0x0000000008003d34                _etext = .

.vfp11_veneer   0x0000000008003d34        0x0
 .vfp11_veneer  0x0000000008003d34        0x0 linker stubs

.v4_bx          0x0000000008003d34        0x0
 .v4_bx         0x0000000008003d34        0x0 linker stubs

.iplt           0x0000000008003d34        0x0
 .iplt          0x0000000008003d34        0x0 /home/user/Programs/stm/plugins/com.st.stm32cube.ide.mcu.externaltools.gnu-tools-for-stm32.7-2018-q2-update.linux64_1.0.0.201904181610/tools/bin/../lib/gcc/arm-none-eabi/7.3.1/thumb/v7-m/crtbegin.o

.rodata         0x0000000008003d34      0x1d8
                0x0000000008003d34                . = ALIGN (0x4)
 *(.rodata)
 .rodata        0x0000000008003d34        0x5 Middlewares/Third_Party/FreeRTOS/Source/tasks.o
 *fill*         0x0000000008003d39        0x3 
 .rodata        0x0000000008003d3c      0x153 Src/libRTOS.o
 *fill*         0x0000000008003e8f        0x1 
 .rodata        0x0000000008003e90       0x49 Src/main.o
 *(.rodata*)
 .rodata._svfprintf_r.str1.1
                0x0000000008003ed9       0x11 /home/user/Programs/stm/plugins/com.st.stm32cube.ide.mcu.externaltools.gnu-tools-for-stm32.7-2018-q2-update.linux64_1.0.0.201904181610/tools/bin/../lib/gcc/arm-none-eabi/7.3.1/../../../../arm-none-eabi/lib/thumb/v7-m/libc_nano.a(lib_a-nano-svfprintf.o)
 .rodata._printf_i.str1.1
                0x0000000008003eea       0x22 /home/user/Programs/stm/plugins/com.st.stm32cube.ide.mcu.externaltools.gnu-tools-for-stm32.7-2018-q2-update.linux64_1.0.0.201904181610/tools/bin/../lib/gcc/arm-none-eabi/7.3.1/../../../../arm-none-eabi/lib/thumb/v7-m/libc_nano.a(lib_a-nano-vfprintf_i.o)
                0x0000000008003f0c                . = ALIGN (0x4)

.rel.dyn        0x0000000008003f0c        0x0
 .rel.iplt      0x0000000008003f0c        0x0 /home/user/Programs/stm/plugins/com.st.stm32cube.ide.mcu.externaltools.gnu-tools-for-stm32.7-2018-q2-update.linux64_1.0.0.201904181610/tools/bin/../lib/gcc/arm-none-eabi/7.3.1/thumb/v7-m/crtbegin.o

.ARM.extab      0x0000000008003f0c        0x0
                0x0000000008003f0c                . = ALIGN (0x4)
 *(.ARM.extab* .gnu.linkonce.armextab.*)
                0x0000000008003f0c                . = ALIGN (0x4)

.ARM            0x0000000008003f0c        0x0
                0x0000000008003f0c                . = ALIGN (0x4)
                0x0000000008003f0c                __exidx_start = .
 *(.ARM.exidx*)
                0x0000000008003f0c                __exidx_end = .
                0x0000000008003f0c                . = ALIGN (0x4)

.preinit_array  0x0000000008003f0c        0x0
                0x0000000008003f0c                . = ALIGN (0x4)
                0x0000000008003f0c                PROVIDE (__preinit_array_start = .)
 *(.preinit_array*)
                0x0000000008003f0c                PROVIDE (__preinit_array_end = .)
                0x0000000008003f0c                . = ALIGN (0x4)

.init_array     0x0000000008003f0c        0x4
                0x0000000008003f0c                . = ALIGN (0x4)
                0x0000000008003f0c                PROVIDE (__init_array_start = .)
 *(SORT_BY_NAME(.init_array.*))
 *(.init_array*)
 .init_array    0x0000000008003f0c        0x4 /home/user/Programs/stm/plugins/com.st.stm32cube.ide.mcu.externaltools.gnu-tools-for-stm32.7-2018-q2-update.linux64_1.0.0.201904181610/tools/bin/../lib/gcc/arm-none-eabi/7.3.1/thumb/v7-m/crtbegin.o
                0x0000000008003f10                PROVIDE (__init_array_end = .)
                0x0000000008003f10                . = ALIGN (0x4)

.fini_array     0x0000000008003f10        0x4
                0x0000000008003f10                . = ALIGN (0x4)
                [!provide]                        PROVIDE (__fini_array_start = .)
 *(SORT_BY_NAME(.fini_array.*))
 *(.fini_array*)
 .fini_array    0x0000000008003f10        0x4 /home/user/Programs/stm/plugins/com.st.stm32cube.ide.mcu.externaltools.gnu-tools-for-stm32.7-2018-q2-update.linux64_1.0.0.201904181610/tools/bin/../lib/gcc/arm-none-eabi/7.3.1/thumb/v7-m/crtbegin.o
                [!provide]                        PROVIDE (__fini_array_end = .)
                0x0000000008003f14                . = ALIGN (0x4)
                0x0000000008003f14                _sidata = LOADADDR (.data)

.data           0x0000000020000000       0x98 load address 0x0000000008003f14
                0x0000000020000000                . = ALIGN (0x4)
                0x0000000020000000                _sdata = .
 *(.data)
 *(.data*)
 .data.uwTickFreq
                0x0000000020000000        0x1 Drivers/STM32F1xx_HAL_Driver/Src/stm32f1xx_hal.o
                0x0000000020000000                uwTickFreq
 *fill*         0x0000000020000001        0x3 
 .data.uxCriticalNesting
                0x0000000020000004        0x4 Middlewares/Third_Party/FreeRTOS/Source/portable/GCC/ARM_CM3/port.o
 .data.CurrentStateZero
                0x0000000020000008        0x1 Src/libRTOS.o
                0x0000000020000008                CurrentStateZero
 *fill*         0x0000000020000009        0x3 
 .data.OK       0x000000002000000c        0x4 Src/libRTOS.o
                0x000000002000000c                OK
 .data.MOVEON   0x0000000020000010        0x4 Src/libRTOS.o
                0x0000000020000010                MOVEON
 .data.TAMPER   0x0000000020000014        0x4 Src/libRTOS.o
                0x0000000020000014                TAMPER
 .data.VOLTAGE  0x0000000020000018        0x4 Src/libRTOS.o
                0x0000000020000018                VOLTAGE
 .data.GERCON   0x000000002000001c        0x4 Src/libRTOS.o
                0x000000002000001c                GERCON
 .data.STOP     0x0000000020000020        0x4 Src/libRTOS.o
                0x0000000020000020                STOP
 .data.RUN      0x0000000020000024        0x4 Src/libRTOS.o
                0x0000000020000024                RUN
 .data.POWER    0x0000000020000028        0x4 Src/libRTOS.o
                0x0000000020000028                POWER
 .data.EXTCONTACT
                0x000000002000002c        0x4 Src/libRTOS.o
                0x000000002000002c                EXTCONTACT
 .data.SystemCoreClock
                0x0000000020000030        0x4 Src/system_stm32f1xx.o
                0x0000000020000030                SystemCoreClock
 .data._impure_ptr
                0x0000000020000034        0x4 /home/user/Programs/stm/plugins/com.st.stm32cube.ide.mcu.externaltools.gnu-tools-for-stm32.7-2018-q2-update.linux64_1.0.0.201904181610/tools/bin/../lib/gcc/arm-none-eabi/7.3.1/../../../../arm-none-eabi/lib/thumb/v7-m/libc_nano.a(lib_a-impure.o)
                0x0000000020000034                _impure_ptr
 .data.impure_data
                0x0000000020000038       0x60 /home/user/Programs/stm/plugins/com.st.stm32cube.ide.mcu.externaltools.gnu-tools-for-stm32.7-2018-q2-update.linux64_1.0.0.201904181610/tools/bin/../lib/gcc/arm-none-eabi/7.3.1/../../../../arm-none-eabi/lib/thumb/v7-m/libc_nano.a(lib_a-impure.o)
                0x0000000020000098                . = ALIGN (0x4)
                0x0000000020000098                _edata = .

.igot.plt       0x0000000020000098        0x0 load address 0x0000000008003fac
 .igot.plt      0x0000000020000098        0x0 /home/user/Programs/stm/plugins/com.st.stm32cube.ide.mcu.externaltools.gnu-tools-for-stm32.7-2018-q2-update.linux64_1.0.0.201904181610/tools/bin/../lib/gcc/arm-none-eabi/7.3.1/thumb/v7-m/crtbegin.o
                0x0000000020000098                . = ALIGN (0x4)

.bss            0x0000000020000098     0x11b8 load address 0x0000000008003fac
                0x0000000020000098                _sbss = .
                0x0000000020000098                __bss_start__ = _sbss
 *(.bss)
 .bss           0x0000000020000098       0x1c /home/user/Programs/stm/plugins/com.st.stm32cube.ide.mcu.externaltools.gnu-tools-for-stm32.7-2018-q2-update.linux64_1.0.0.201904181610/tools/bin/../lib/gcc/arm-none-eabi/7.3.1/thumb/v7-m/crtbegin.o
 *(.bss*)
 .bss.pxCurrentTCB
                0x00000000200000b4        0x4 Middlewares/Third_Party/FreeRTOS/Source/tasks.o
                0x00000000200000b4                pxCurrentTCB
 .bss.pxReadyTasksLists
                0x00000000200000b8       0x50 Middlewares/Third_Party/FreeRTOS/Source/tasks.o
 .bss.xDelayedTaskList1
                0x0000000020000108       0x14 Middlewares/Third_Party/FreeRTOS/Source/tasks.o
 .bss.xDelayedTaskList2
                0x000000002000011c       0x14 Middlewares/Third_Party/FreeRTOS/Source/tasks.o
 .bss.pxDelayedTaskList
                0x0000000020000130        0x4 Middlewares/Third_Party/FreeRTOS/Source/tasks.o
 .bss.pxOverflowDelayedTaskList
                0x0000000020000134        0x4 Middlewares/Third_Party/FreeRTOS/Source/tasks.o
 .bss.xPendingReadyList
                0x0000000020000138       0x14 Middlewares/Third_Party/FreeRTOS/Source/tasks.o
 .bss.xTasksWaitingTermination
                0x000000002000014c       0x14 Middlewares/Third_Party/FreeRTOS/Source/tasks.o
 .bss.uxDeletedTasksWaitingCleanUp
                0x0000000020000160        0x4 Middlewares/Third_Party/FreeRTOS/Source/tasks.o
 .bss.xSuspendedTaskList
                0x0000000020000164       0x14 Middlewares/Third_Party/FreeRTOS/Source/tasks.o
 .bss.uxCurrentNumberOfTasks
                0x0000000020000178        0x4 Middlewares/Third_Party/FreeRTOS/Source/tasks.o
 .bss.xTickCount
                0x000000002000017c        0x4 Middlewares/Third_Party/FreeRTOS/Source/tasks.o
 .bss.uxTopReadyPriority
                0x0000000020000180        0x4 Middlewares/Third_Party/FreeRTOS/Source/tasks.o
 .bss.xSchedulerRunning
                0x0000000020000184        0x4 Middlewares/Third_Party/FreeRTOS/Source/tasks.o
 .bss.uxPendedTicks
                0x0000000020000188        0x4 Middlewares/Third_Party/FreeRTOS/Source/tasks.o
 .bss.xYieldPending
                0x000000002000018c        0x4 Middlewares/Third_Party/FreeRTOS/Source/tasks.o
 .bss.xNumOfOverflows
                0x0000000020000190        0x4 Middlewares/Third_Party/FreeRTOS/Source/tasks.o
 .bss.uxTaskNumber
                0x0000000020000194        0x4 Middlewares/Third_Party/FreeRTOS/Source/tasks.o
 .bss.xNextTaskUnblockTime
                0x0000000020000198        0x4 Middlewares/Third_Party/FreeRTOS/Source/tasks.o
 .bss.xIdleTaskHandle
                0x000000002000019c        0x4 Middlewares/Third_Party/FreeRTOS/Source/tasks.o
 .bss.uxSchedulerSuspended
                0x00000000200001a0        0x4 Middlewares/Third_Party/FreeRTOS/Source/tasks.o
 .bss.ucMaxSysCallPriority
                0x00000000200001a4        0x1 Middlewares/Third_Party/FreeRTOS/Source/portable/GCC/ARM_CM3/port.o
 *fill*         0x00000000200001a5        0x3 
 .bss.ulMaxPRIGROUPValue
                0x00000000200001a8        0x4 Middlewares/Third_Party/FreeRTOS/Source/portable/GCC/ARM_CM3/port.o
 .bss.ucHeap    0x00000000200001ac     0x1000 Middlewares/Third_Party/FreeRTOS/Source/portable/MemMang/heap_4.o
 .bss.xStart    0x00000000200011ac        0x8 Middlewares/Third_Party/FreeRTOS/Source/portable/MemMang/heap_4.o
 .bss.pxEnd     0x00000000200011b4        0x4 Middlewares/Third_Party/FreeRTOS/Source/portable/MemMang/heap_4.o
 .bss.xFreeBytesRemaining
                0x00000000200011b8        0x4 Middlewares/Third_Party/FreeRTOS/Source/portable/MemMang/heap_4.o
 .bss.xMinimumEverFreeBytesRemaining
                0x00000000200011bc        0x4 Middlewares/Third_Party/FreeRTOS/Source/portable/MemMang/heap_4.o
 .bss.xBlockAllocatedBit
                0x00000000200011c0        0x4 Middlewares/Third_Party/FreeRTOS/Source/portable/MemMang/heap_4.o
 .bss.degree    0x00000000200011c4        0x1 Src/libRTOS.o
                0x00000000200011c4                degree
 *fill*         0x00000000200011c5        0x3 
 .bss.heap_end.5149
                0x00000000200011c8        0x4 Src/sysmem.o
 .bss.__malloc_free_list
                0x00000000200011cc        0x4 /home/user/Programs/stm/plugins/com.st.stm32cube.ide.mcu.externaltools.gnu-tools-for-stm32.7-2018-q2-update.linux64_1.0.0.201904181610/tools/bin/../lib/gcc/arm-none-eabi/7.3.1/../../../../arm-none-eabi/lib/thumb/v7-m/libc_nano.a(lib_a-nano-mallocr.o)
                0x00000000200011cc                __malloc_free_list
 .bss.__malloc_sbrk_start
                0x00000000200011d0        0x4 /home/user/Programs/stm/plugins/com.st.stm32cube.ide.mcu.externaltools.gnu-tools-for-stm32.7-2018-q2-update.linux64_1.0.0.201904181610/tools/bin/../lib/gcc/arm-none-eabi/7.3.1/../../../../arm-none-eabi/lib/thumb/v7-m/libc_nano.a(lib_a-nano-mallocr.o)
                0x00000000200011d0                __malloc_sbrk_start
 *(COMMON)
 COMMON         0x00000000200011d4        0x4 Drivers/STM32F1xx_HAL_Driver/Src/stm32f1xx_hal.o
                0x00000000200011d4                uwTick
 COMMON         0x00000000200011d8       0x3c Src/libRTOS.o
                0x00000000200011d8                commandStr
                0x00000000200011ec                xSemaphorMOVE
                0x00000000200011f0                valueADC
                0x00000000200011fc                TransmitDataADC4
                0x0000000020001200                TransmitDataADC1
                0x0000000020001204                TransmitDataADC3
                0x0000000020001208                xSemaphorGERCON
                0x000000002000120c                xSemaphorTAMPER
                0x0000000020001210                TransmitDataADC2
 COMMON         0x0000000020001214       0x38 Src/main.o
                0x0000000020001214                newCommandFlag
                0x0000000020001218                xPWR_Handle
                0x000000002000121c                indexC
                0x0000000020001220                xINFO_Handle
                0x0000000020001224                xADC_Handle
                0x0000000020001228                xBLINK_Handle
                0x000000002000122c                data
                0x0000000020001230                commandStrBuf
                0x0000000020001244                xEXE_Handle
                0x0000000020001248                xSERVO_Handle
 COMMON         0x000000002000124c        0x4 /home/user/Programs/stm/plugins/com.st.stm32cube.ide.mcu.externaltools.gnu-tools-for-stm32.7-2018-q2-update.linux64_1.0.0.201904181610/tools/bin/../lib/gcc/arm-none-eabi/7.3.1/../../../../arm-none-eabi/lib/thumb/v7-m/libc_nano.a(lib_a-reent.o)
                0x000000002000124c                errno
                0x0000000020001250                . = ALIGN (0x4)
                0x0000000020001250                _ebss = .
                0x0000000020001250                __bss_end__ = _ebss

._user_heap_stack
                0x0000000020001250      0x600 load address 0x0000000008003fac
                0x0000000020001250                . = ALIGN (0x8)
                0x0000000020001250                PROVIDE (end = .)
                [!provide]                        PROVIDE (_end = .)
                0x0000000020001450                . = (. + _Min_Heap_Size)
 *fill*         0x0000000020001250      0x200 
                0x0000000020001850                . = (. + _Min_Stack_Size)
 *fill*         0x0000000020001450      0x400 
                0x0000000020001850                . = ALIGN (0x8)

/DISCARD/
 libc.a(*)
 libm.a(*)
 libgcc.a(*)

.ARM.attributes
                0x0000000000000000       0x29
 *(.ARM.attributes)
 .ARM.attributes
                0x0000000000000000       0x1d /home/user/Programs/stm/plugins/com.st.stm32cube.ide.mcu.externaltools.gnu-tools-for-stm32.7-2018-q2-update.linux64_1.0.0.201904181610/tools/bin/../lib/gcc/arm-none-eabi/7.3.1/thumb/v7-m/crti.o
 .ARM.attributes
                0x000000000000001d       0x2d /home/user/Programs/stm/plugins/com.st.stm32cube.ide.mcu.externaltools.gnu-tools-for-stm32.7-2018-q2-update.linux64_1.0.0.201904181610/tools/bin/../lib/gcc/arm-none-eabi/7.3.1/thumb/v7-m/crtbegin.o
 .ARM.attributes
                0x000000000000004a       0x33 Drivers/STM32F1xx_HAL_Driver/Src/stm32f1xx_hal.o
 .ARM.attributes
                0x000000000000007d       0x33 Middlewares/Third_Party/FreeRTOS/Source/list.o
 .ARM.attributes
                0x00000000000000b0       0x33 Middlewares/Third_Party/FreeRTOS/Source/queue.o
 .ARM.attributes
                0x00000000000000e3       0x33 Middlewares/Third_Party/FreeRTOS/Source/tasks.o
 .ARM.attributes
                0x0000000000000116       0x33 Middlewares/Third_Party/FreeRTOS/Source/portable/GCC/ARM_CM3/port.o
 .ARM.attributes
                0x0000000000000149       0x33 Middlewares/Third_Party/FreeRTOS/Source/portable/MemMang/heap_4.o
 .ARM.attributes
                0x000000000000017c       0x33 Src/libADC.o
 .ARM.attributes
                0x00000000000001af       0x33 Src/libRCC.o
 .ARM.attributes
                0x00000000000001e2       0x33 Src/libRTOS.o
 .ARM.attributes
                0x0000000000000215       0x33 Src/libTIM.o
 .ARM.attributes
                0x0000000000000248       0x33 Src/libUSART.o
 .ARM.attributes
                0x000000000000027b       0x33 Src/main.o
 .ARM.attributes
                0x00000000000002ae       0x33 Src/stm32f1xx_it.o
 .ARM.attributes
                0x00000000000002e1       0x33 Src/sysmem.o
 .ARM.attributes
                0x0000000000000314       0x33 Src/system_stm32f1xx.o
 .ARM.attributes
                0x0000000000000347       0x21 Startup/startup_stm32f103c8tx.o
 .ARM.attributes
                0x0000000000000368       0x2d /home/user/Programs/stm/plugins/com.st.stm32cube.ide.mcu.externaltools.gnu-tools-for-stm32.7-2018-q2-update.linux64_1.0.0.201904181610/tools/bin/../lib/gcc/arm-none-eabi/7.3.1/../../../../arm-none-eabi/lib/thumb/v7-m/libc_nano.a(lib_a-errno.o)
 .ARM.attributes
                0x0000000000000395       0x2d /home/user/Programs/stm/plugins/com.st.stm32cube.ide.mcu.externaltools.gnu-tools-for-stm32.7-2018-q2-update.linux64_1.0.0.201904181610/tools/bin/../lib/gcc/arm-none-eabi/7.3.1/../../../../arm-none-eabi/lib/thumb/v7-m/libc_nano.a(lib_a-impure.o)
 .ARM.attributes
                0x00000000000003c2       0x2d /home/user/Programs/stm/plugins/com.st.stm32cube.ide.mcu.externaltools.gnu-tools-for-stm32.7-2018-q2-update.linux64_1.0.0.201904181610/tools/bin/../lib/gcc/arm-none-eabi/7.3.1/../../../../arm-none-eabi/lib/thumb/v7-m/libc_nano.a(lib_a-init.o)
 .ARM.attributes
                0x00000000000003ef       0x2d /home/user/Programs/stm/plugins/com.st.stm32cube.ide.mcu.externaltools.gnu-tools-for-stm32.7-2018-q2-update.linux64_1.0.0.201904181610/tools/bin/../lib/gcc/arm-none-eabi/7.3.1/../../../../arm-none-eabi/lib/thumb/v7-m/libc_nano.a(lib_a-memcpy-stub.o)
 .ARM.attributes
                0x000000000000041c       0x2d /home/user/Programs/stm/plugins/com.st.stm32cube.ide.mcu.externaltools.gnu-tools-for-stm32.7-2018-q2-update.linux64_1.0.0.201904181610/tools/bin/../lib/gcc/arm-none-eabi/7.3.1/../../../../arm-none-eabi/lib/thumb/v7-m/libc_nano.a(lib_a-memset.o)
 .ARM.attributes
                0x0000000000000449       0x2d /home/user/Programs/stm/plugins/com.st.stm32cube.ide.mcu.externaltools.gnu-tools-for-stm32.7-2018-q2-update.linux64_1.0.0.201904181610/tools/bin/../lib/gcc/arm-none-eabi/7.3.1/../../../../arm-none-eabi/lib/thumb/v7-m/libc_nano.a(lib_a-sprintf.o)
 .ARM.attributes
                0x0000000000000476       0x2d /home/user/Programs/stm/plugins/com.st.stm32cube.ide.mcu.externaltools.gnu-tools-for-stm32.7-2018-q2-update.linux64_1.0.0.201904181610/tools/bin/../lib/gcc/arm-none-eabi/7.3.1/../../../../arm-none-eabi/lib/thumb/v7-m/libc_nano.a(lib_a-strncmp.o)
 .ARM.attributes
                0x00000000000004a3       0x2d /home/user/Programs/stm/plugins/com.st.stm32cube.ide.mcu.externaltools.gnu-tools-for-stm32.7-2018-q2-update.linux64_1.0.0.201904181610/tools/bin/../lib/gcc/arm-none-eabi/7.3.1/../../../../arm-none-eabi/lib/thumb/v7-m/libc_nano.a(lib_a-strncpy.o)
 .ARM.attributes
                0x00000000000004d0       0x2d /home/user/Programs/stm/plugins/com.st.stm32cube.ide.mcu.externaltools.gnu-tools-for-stm32.7-2018-q2-update.linux64_1.0.0.201904181610/tools/bin/../lib/gcc/arm-none-eabi/7.3.1/../../../../arm-none-eabi/lib/thumb/v7-m/libc_nano.a(lib_a-nano-svfprintf.o)
 .ARM.attributes
                0x00000000000004fd       0x2d /home/user/Programs/stm/plugins/com.st.stm32cube.ide.mcu.externaltools.gnu-tools-for-stm32.7-2018-q2-update.linux64_1.0.0.201904181610/tools/bin/../lib/gcc/arm-none-eabi/7.3.1/../../../../arm-none-eabi/lib/thumb/v7-m/libc_nano.a(lib_a-nano-vfprintf_i.o)
 .ARM.attributes
                0x000000000000052a       0x2d /home/user/Programs/stm/plugins/com.st.stm32cube.ide.mcu.externaltools.gnu-tools-for-stm32.7-2018-q2-update.linux64_1.0.0.201904181610/tools/bin/../lib/gcc/arm-none-eabi/7.3.1/../../../../arm-none-eabi/lib/thumb/v7-m/libc_nano.a(lib_a-memchr-stub.o)
 .ARM.attributes
                0x0000000000000557       0x2d /home/user/Programs/stm/plugins/com.st.stm32cube.ide.mcu.externaltools.gnu-tools-for-stm32.7-2018-q2-update.linux64_1.0.0.201904181610/tools/bin/../lib/gcc/arm-none-eabi/7.3.1/../../../../arm-none-eabi/lib/thumb/v7-m/libc_nano.a(lib_a-memmove.o)
 .ARM.attributes
                0x0000000000000584       0x2d /home/user/Programs/stm/plugins/com.st.stm32cube.ide.mcu.externaltools.gnu-tools-for-stm32.7-2018-q2-update.linux64_1.0.0.201904181610/tools/bin/../lib/gcc/arm-none-eabi/7.3.1/../../../../arm-none-eabi/lib/thumb/v7-m/libc_nano.a(lib_a-nano-freer.o)
 .ARM.attributes
                0x00000000000005b1       0x2d /home/user/Programs/stm/plugins/com.st.stm32cube.ide.mcu.externaltools.gnu-tools-for-stm32.7-2018-q2-update.linux64_1.0.0.201904181610/tools/bin/../lib/gcc/arm-none-eabi/7.3.1/../../../../arm-none-eabi/lib/thumb/v7-m/libc_nano.a(lib_a-nano-mallocr.o)
 .ARM.attributes
                0x00000000000005de       0x2d /home/user/Programs/stm/plugins/com.st.stm32cube.ide.mcu.externaltools.gnu-tools-for-stm32.7-2018-q2-update.linux64_1.0.0.201904181610/tools/bin/../lib/gcc/arm-none-eabi/7.3.1/../../../../arm-none-eabi/lib/thumb/v7-m/libc_nano.a(lib_a-nano-reallocr.o)
 .ARM.attributes
                0x000000000000060b       0x2d /home/user/Programs/stm/plugins/com.st.stm32cube.ide.mcu.externaltools.gnu-tools-for-stm32.7-2018-q2-update.linux64_1.0.0.201904181610/tools/bin/../lib/gcc/arm-none-eabi/7.3.1/../../../../arm-none-eabi/lib/thumb/v7-m/libc_nano.a(lib_a-sbrkr.o)
 .ARM.attributes
                0x0000000000000638       0x2d /home/user/Programs/stm/plugins/com.st.stm32cube.ide.mcu.externaltools.gnu-tools-for-stm32.7-2018-q2-update.linux64_1.0.0.201904181610/tools/bin/../lib/gcc/arm-none-eabi/7.3.1/../../../../arm-none-eabi/lib/thumb/v7-m/libc_nano.a(lib_a-mlock.o)
 .ARM.attributes
                0x0000000000000665       0x2d /home/user/Programs/stm/plugins/com.st.stm32cube.ide.mcu.externaltools.gnu-tools-for-stm32.7-2018-q2-update.linux64_1.0.0.201904181610/tools/bin/../lib/gcc/arm-none-eabi/7.3.1/../../../../arm-none-eabi/lib/thumb/v7-m/libc_nano.a(lib_a-nano-msizer.o)
 .ARM.attributes
                0x0000000000000692       0x2d /home/user/Programs/stm/plugins/com.st.stm32cube.ide.mcu.externaltools.gnu-tools-for-stm32.7-2018-q2-update.linux64_1.0.0.201904181610/tools/bin/../lib/gcc/arm-none-eabi/7.3.1/../../../../arm-none-eabi/lib/thumb/v7-m/libc_nano.a(lib_a-reent.o)
 .ARM.attributes
                0x00000000000006bf       0x1d /home/user/Programs/stm/plugins/com.st.stm32cube.ide.mcu.externaltools.gnu-tools-for-stm32.7-2018-q2-update.linux64_1.0.0.201904181610/tools/bin/../lib/gcc/arm-none-eabi/7.3.1/thumb/v7-m/crtn.o
OUTPUT(Door_AUTO_CMSIS.elf elf32-littlearm)

.debug_info     0x0000000000000000     0xac58
 .debug_info    0x0000000000000000      0x6fe Drivers/STM32F1xx_HAL_Driver/Src/stm32f1xx_hal.o
 .debug_info    0x00000000000006fe      0xac5 Middlewares/Third_Party/FreeRTOS/Source/list.o
 .debug_info    0x00000000000011c3     0x1c16 Middlewares/Third_Party/FreeRTOS/Source/queue.o
 .debug_info    0x0000000000002dd9     0x218d Middlewares/Third_Party/FreeRTOS/Source/tasks.o
 .debug_info    0x0000000000004f66      0x4d2 Middlewares/Third_Party/FreeRTOS/Source/portable/GCC/ARM_CM3/port.o
 .debug_info    0x0000000000005438      0xbea Middlewares/Third_Party/FreeRTOS/Source/portable/MemMang/heap_4.o
 .debug_info    0x0000000000006022      0xc65 Src/libADC.o
 .debug_info    0x0000000000006c87      0x296 Src/libRCC.o
 .debug_info    0x0000000000006f1d      0xfd8 Src/libRTOS.o
 .debug_info    0x0000000000007ef5      0x48e Src/libTIM.o
 .debug_info    0x0000000000008383      0x661 Src/libUSART.o
 .debug_info    0x00000000000089e4      0xb03 Src/main.o
 .debug_info    0x00000000000094e7      0xa00 Src/stm32f1xx_it.o
 .debug_info    0x0000000000009ee7      0x91c Src/sysmem.o
 .debug_info    0x000000000000a803      0x433 Src/system_stm32f1xx.o
 .debug_info    0x000000000000ac36       0x22 Startup/startup_stm32f103c8tx.o

.debug_abbrev   0x0000000000000000     0x1d45
 .debug_abbrev  0x0000000000000000      0x1d8 Drivers/STM32F1xx_HAL_Driver/Src/stm32f1xx_hal.o
 .debug_abbrev  0x00000000000001d8      0x1cf Middlewares/Third_Party/FreeRTOS/Source/list.o
 .debug_abbrev  0x00000000000003a7      0x33a Middlewares/Third_Party/FreeRTOS/Source/queue.o
 .debug_abbrev  0x00000000000006e1      0x338 Middlewares/Third_Party/FreeRTOS/Source/tasks.o
 .debug_abbrev  0x0000000000000a19      0x205 Middlewares/Third_Party/FreeRTOS/Source/portable/GCC/ARM_CM3/port.o
 .debug_abbrev  0x0000000000000c1e      0x29e Middlewares/Third_Party/FreeRTOS/Source/portable/MemMang/heap_4.o
 .debug_abbrev  0x0000000000000ebc      0x1cb Src/libADC.o
 .debug_abbrev  0x0000000000001087       0xe6 Src/libRCC.o
 .debug_abbrev  0x000000000000116d      0x25d Src/libRTOS.o
 .debug_abbrev  0x00000000000013ca      0x10d Src/libTIM.o
 .debug_abbrev  0x00000000000014d7      0x1db Src/libUSART.o
 .debug_abbrev  0x00000000000016b2      0x1e5 Src/main.o
 .debug_abbrev  0x0000000000001897      0x1ad Src/stm32f1xx_it.o
 .debug_abbrev  0x0000000000001a44      0x1bb Src/sysmem.o
 .debug_abbrev  0x0000000000001bff      0x134 Src/system_stm32f1xx.o
 .debug_abbrev  0x0000000000001d33       0x12 Startup/startup_stm32f103c8tx.o

.debug_aranges  0x0000000000000000      0x6c8
 .debug_aranges
                0x0000000000000000       0xe0 Drivers/STM32F1xx_HAL_Driver/Src/stm32f1xx_hal.o
 .debug_aranges
                0x00000000000000e0       0x40 Middlewares/Third_Party/FreeRTOS/Source/list.o
 .debug_aranges
                0x0000000000000120       0xf8 Middlewares/Third_Party/FreeRTOS/Source/queue.o
 .debug_aranges
                0x0000000000000218      0x1a0 Middlewares/Third_Party/FreeRTOS/Source/tasks.o
 .debug_aranges
                0x00000000000003b8       0x78 Middlewares/Third_Party/FreeRTOS/Source/portable/GCC/ARM_CM3/port.o
 .debug_aranges
                0x0000000000000430       0x50 Middlewares/Third_Party/FreeRTOS/Source/portable/MemMang/heap_4.o
 .debug_aranges
                0x0000000000000480       0x40 Src/libADC.o
 .debug_aranges
                0x00000000000004c0       0x20 Src/libRCC.o
 .debug_aranges
                0x00000000000004e0       0x58 Src/libRTOS.o
 .debug_aranges
                0x0000000000000538       0x60 Src/libTIM.o
 .debug_aranges
                0x0000000000000598       0x48 Src/libUSART.o
 .debug_aranges
                0x00000000000005e0       0x28 Src/main.o
 .debug_aranges
                0x0000000000000608       0x50 Src/stm32f1xx_it.o
 .debug_aranges
                0x0000000000000658       0x20 Src/sysmem.o
 .debug_aranges
                0x0000000000000678       0x28 Src/system_stm32f1xx.o
 .debug_aranges
                0x00000000000006a0       0x28 Startup/startup_stm32f103c8tx.o

.debug_ranges   0x0000000000000000      0x5d0
 .debug_ranges  0x0000000000000000       0xd0 Drivers/STM32F1xx_HAL_Driver/Src/stm32f1xx_hal.o
 .debug_ranges  0x00000000000000d0       0x30 Middlewares/Third_Party/FreeRTOS/Source/list.o
 .debug_ranges  0x0000000000000100       0xe8 Middlewares/Third_Party/FreeRTOS/Source/queue.o
 .debug_ranges  0x00000000000001e8      0x190 Middlewares/Third_Party/FreeRTOS/Source/tasks.o
 .debug_ranges  0x0000000000000378       0x68 Middlewares/Third_Party/FreeRTOS/Source/portable/GCC/ARM_CM3/port.o
 .debug_ranges  0x00000000000003e0       0x40 Middlewares/Third_Party/FreeRTOS/Source/portable/MemMang/heap_4.o
 .debug_ranges  0x0000000000000420       0x30 Src/libADC.o
 .debug_ranges  0x0000000000000450       0x10 Src/libRCC.o
 .debug_ranges  0x0000000000000460       0x48 Src/libRTOS.o
 .debug_ranges  0x00000000000004a8       0x50 Src/libTIM.o
 .debug_ranges  0x00000000000004f8       0x38 Src/libUSART.o
 .debug_ranges  0x0000000000000530       0x18 Src/main.o
 .debug_ranges  0x0000000000000548       0x40 Src/stm32f1xx_it.o
 .debug_ranges  0x0000000000000588       0x10 Src/sysmem.o
 .debug_ranges  0x0000000000000598       0x18 Src/system_stm32f1xx.o
 .debug_ranges  0x00000000000005b0       0x20 Startup/startup_stm32f103c8tx.o

.debug_macro    0x0000000000000000    0x13bb3
 .debug_macro   0x0000000000000000      0x19f Drivers/STM32F1xx_HAL_Driver/Src/stm32f1xx_hal.o
 .debug_macro   0x000000000000019f      0xa5a Drivers/STM32F1xx_HAL_Driver/Src/stm32f1xx_hal.o
 .debug_macro   0x0000000000000bf9      0x209 Drivers/STM32F1xx_HAL_Driver/Src/stm32f1xx_hal.o
 .debug_macro   0x0000000000000e02       0x2e Drivers/STM32F1xx_HAL_Driver/Src/stm32f1xx_hal.o
 .debug_macro   0x0000000000000e30       0x22 Drivers/STM32F1xx_HAL_Driver/Src/stm32f1xx_hal.o
 .debug_macro   0x0000000000000e52       0x22 Drivers/STM32F1xx_HAL_Driver/Src/stm32f1xx_hal.o
 .debug_macro   0x0000000000000e74       0x8e Drivers/STM32F1xx_HAL_Driver/Src/stm32f1xx_hal.o
 .debug_macro   0x0000000000000f02       0x51 Drivers/STM32F1xx_HAL_Driver/Src/stm32f1xx_hal.o
 .debug_macro   0x0000000000000f53       0xef Drivers/STM32F1xx_HAL_Driver/Src/stm32f1xx_hal.o
 .debug_macro   0x0000000000001042       0x6a Drivers/STM32F1xx_HAL_Driver/Src/stm32f1xx_hal.o
 .debug_macro   0x00000000000010ac      0x1df Drivers/STM32F1xx_HAL_Driver/Src/stm32f1xx_hal.o
 .debug_macro   0x000000000000128b       0x1c Drivers/STM32F1xx_HAL_Driver/Src/stm32f1xx_hal.o
 .debug_macro   0x00000000000012a7       0x22 Drivers/STM32F1xx_HAL_Driver/Src/stm32f1xx_hal.o
 .debug_macro   0x00000000000012c9       0xc3 Drivers/STM32F1xx_HAL_Driver/Src/stm32f1xx_hal.o
 .debug_macro   0x000000000000138c      0xd23 Drivers/STM32F1xx_HAL_Driver/Src/stm32f1xx_hal.o
 .debug_macro   0x00000000000020af     0xe09e Drivers/STM32F1xx_HAL_Driver/Src/stm32f1xx_hal.o
 .debug_macro   0x000000000001014d       0x43 Drivers/STM32F1xx_HAL_Driver/Src/stm32f1xx_hal.o
 .debug_macro   0x0000000000010190      0x174 Drivers/STM32F1xx_HAL_Driver/Src/stm32f1xx_hal.o
 .debug_macro   0x0000000000010304       0x5a Drivers/STM32F1xx_HAL_Driver/Src/stm32f1xx_hal.o
 .debug_macro   0x000000000001035e      0x5be Drivers/STM32F1xx_HAL_Driver/Src/stm32f1xx_hal.o
 .debug_macro   0x000000000001091c      0x289 Drivers/STM32F1xx_HAL_Driver/Src/stm32f1xx_hal.o
 .debug_macro   0x0000000000010ba5      0x1cb Drivers/STM32F1xx_HAL_Driver/Src/stm32f1xx_hal.o
 .debug_macro   0x0000000000010d70      0x114 Drivers/STM32F1xx_HAL_Driver/Src/stm32f1xx_hal.o
 .debug_macro   0x0000000000010e84      0x1b2 Drivers/STM32F1xx_HAL_Driver/Src/stm32f1xx_hal.o
 .debug_macro   0x0000000000011036       0x27 Drivers/STM32F1xx_HAL_Driver/Src/stm32f1xx_hal.o
 .debug_macro   0x000000000001105d      0x136 Drivers/STM32F1xx_HAL_Driver/Src/stm32f1xx_hal.o
 .debug_macro   0x0000000000011193      0x1bc Drivers/STM32F1xx_HAL_Driver/Src/stm32f1xx_hal.o
 .debug_macro   0x000000000001134f       0x34 Drivers/STM32F1xx_HAL_Driver/Src/stm32f1xx_hal.o
 .debug_macro   0x0000000000011383       0x3c Drivers/STM32F1xx_HAL_Driver/Src/stm32f1xx_hal.o
 .debug_macro   0x00000000000113bf       0x57 Drivers/STM32F1xx_HAL_Driver/Src/stm32f1xx_hal.o
 .debug_macro   0x0000000000011416       0x88 Drivers/STM32F1xx_HAL_Driver/Src/stm32f1xx_hal.o
 .debug_macro   0x000000000001149e      0x241 Drivers/STM32F1xx_HAL_Driver/Src/stm32f1xx_hal.o
 .debug_macro   0x00000000000116df      0x141 Drivers/STM32F1xx_HAL_Driver/Src/stm32f1xx_hal.o
 .debug_macro   0x0000000000011820       0x83 Drivers/STM32F1xx_HAL_Driver/Src/stm32f1xx_hal.o
 .debug_macro   0x00000000000118a3      0x17a Middlewares/Third_Party/FreeRTOS/Source/list.o
 .debug_macro   0x0000000000011a1d      0x205 Middlewares/Third_Party/FreeRTOS/Source/queue.o
 .debug_macro   0x0000000000011c22       0x16 Middlewares/Third_Party/FreeRTOS/Source/queue.o
 .debug_macro   0x0000000000011c38      0x273 Middlewares/Third_Party/FreeRTOS/Source/tasks.o
 .debug_macro   0x0000000000011eab       0x10 Middlewares/Third_Party/FreeRTOS/Source/tasks.o
 .debug_macro   0x0000000000011ebb      0x172 Middlewares/Third_Party/FreeRTOS/Source/portable/GCC/ARM_CM3/port.o
 .debug_macro   0x000000000001202d      0x1a1 Middlewares/Third_Party/FreeRTOS/Source/portable/MemMang/heap_4.o
 .debug_macro   0x00000000000121ce      0x30e Src/libADC.o
 .debug_macro   0x00000000000124dc      0x188 Src/libRCC.o
 .debug_macro   0x0000000000012664      0x3f7 Src/libRTOS.o
 .debug_macro   0x0000000000012a5b       0x1c Src/libRTOS.o
 .debug_macro   0x0000000000012a77      0x17f Src/libTIM.o
 .debug_macro   0x0000000000012bf6      0x1fd Src/libUSART.o
 .debug_macro   0x0000000000012df3      0x426 Src/main.o
 .debug_macro   0x0000000000013219      0x430 Src/stm32f1xx_it.o
 .debug_macro   0x0000000000013649      0x1ae Src/sysmem.o
 .debug_macro   0x00000000000137f7      0x23b Src/sysmem.o
 .debug_macro   0x0000000000013a32      0x181 Src/system_stm32f1xx.o

.debug_line     0x0000000000000000     0x7f37
 .debug_line    0x0000000000000000      0x791 Drivers/STM32F1xx_HAL_Driver/Src/stm32f1xx_hal.o
 .debug_line    0x0000000000000791      0x62a Middlewares/Third_Party/FreeRTOS/Source/list.o
 .debug_line    0x0000000000000dbb      0xe68 Middlewares/Third_Party/FreeRTOS/Source/queue.o
 .debug_line    0x0000000000001c23     0x10af Middlewares/Third_Party/FreeRTOS/Source/tasks.o
 .debug_line    0x0000000000002cd2      0x628 Middlewares/Third_Party/FreeRTOS/Source/portable/GCC/ARM_CM3/port.o
 .debug_line    0x00000000000032fa      0x710 Middlewares/Third_Party/FreeRTOS/Source/portable/MemMang/heap_4.o
 .debug_line    0x0000000000003a0a      0x82d Src/libADC.o
 .debug_line    0x0000000000004237      0x5d9 Src/libRCC.o
 .debug_line    0x0000000000004810      0xab0 Src/libRTOS.o
 .debug_line    0x00000000000052c0      0x65f Src/libTIM.o
 .debug_line    0x000000000000591f      0x748 Src/libUSART.o
 .debug_line    0x0000000000006067      0x97c Src/main.o
 .debug_line    0x00000000000069e3      0x9d4 Src/stm32f1xx_it.o
 .debug_line    0x00000000000073b7      0x51d Src/sysmem.o
 .debug_line    0x00000000000078d4      0x5e4 Src/system_stm32f1xx.o
 .debug_line    0x0000000000007eb8       0x7f Startup/startup_stm32f103c8tx.o

.debug_str      0x0000000000000000    0x6ef59
 .debug_str     0x0000000000000000    0x63008 Drivers/STM32F1xx_HAL_Driver/Src/stm32f1xx_hal.o
                                      0x63341 (size before relaxing)
 .debug_str     0x0000000000063008     0x64ff Middlewares/Third_Party/FreeRTOS/Source/list.o
                                       0xa4a6 (size before relaxing)
 .debug_str     0x0000000000069507     0x1512 Middlewares/Third_Party/FreeRTOS/Source/queue.o
                                       0xb981 (size before relaxing)
 .debug_str     0x000000000006aa19     0x19af Middlewares/Third_Party/FreeRTOS/Source/tasks.o
                                       0xc56a (size before relaxing)
 .debug_str     0x000000000006c3c8      0x702 Middlewares/Third_Party/FreeRTOS/Source/portable/GCC/ARM_CM3/port.o
                                       0x808e (size before relaxing)
 .debug_str     0x000000000006caca      0x25a Middlewares/Third_Party/FreeRTOS/Source/portable/MemMang/heap_4.o
                                       0xabc9 (size before relaxing)
 .debug_str     0x000000000006cd24     0x12be Src/libADC.o
                                      0x66eb0 (size before relaxing)
 .debug_str     0x000000000006dfe2       0x1d Src/libRCC.o
                                      0x62caf (size before relaxing)
 .debug_str     0x000000000006dfff      0x855 Src/libRTOS.o
                                      0x6b8c2 (size before relaxing)
 .debug_str     0x000000000006e854      0x100 Src/libTIM.o
                                      0x62d89 (size before relaxing)
 .debug_str     0x000000000006e954      0x107 Src/libUSART.o
                                      0x6715d (size before relaxing)
 .debug_str     0x000000000006ea5b       0x3a Src/main.o
                                      0x6b69d (size before relaxing)
 .debug_str     0x000000000006ea95       0x9d Src/stm32f1xx_it.o
                                      0x6b67f (size before relaxing)
 .debug_str     0x000000000006eb32      0x339 Src/sysmem.o
                                       0x7ac9 (size before relaxing)
 .debug_str     0x000000000006ee6b       0xbd Src/system_stm32f1xx.o
                                      0x62d2b (size before relaxing)
 .debug_str     0x000000000006ef28       0x31 Startup/startup_stm32f103c8tx.o
                                         0x6f (size before relaxing)

.comment        0x0000000000000000       0x7b
 .comment       0x0000000000000000       0x7b Drivers/STM32F1xx_HAL_Driver/Src/stm32f1xx_hal.o
                                         0x7c (size before relaxing)
 .comment       0x000000000000007b       0x7c Middlewares/Third_Party/FreeRTOS/Source/list.o
 .comment       0x000000000000007b       0x7c Middlewares/Third_Party/FreeRTOS/Source/queue.o
 .comment       0x000000000000007b       0x7c Middlewares/Third_Party/FreeRTOS/Source/tasks.o
 .comment       0x000000000000007b       0x7c Middlewares/Third_Party/FreeRTOS/Source/portable/GCC/ARM_CM3/port.o
 .comment       0x000000000000007b       0x7c Middlewares/Third_Party/FreeRTOS/Source/portable/MemMang/heap_4.o
 .comment       0x000000000000007b       0x7c Src/libADC.o
 .comment       0x000000000000007b       0x7c Src/libRCC.o
 .comment       0x000000000000007b       0x7c Src/libRTOS.o
 .comment       0x000000000000007b       0x7c Src/libTIM.o
 .comment       0x000000000000007b       0x7c Src/libUSART.o
 .comment       0x000000000000007b       0x7c Src/main.o
 .comment       0x000000000000007b       0x7c Src/stm32f1xx_it.o
 .comment       0x000000000000007b       0x7c Src/sysmem.o
 .comment       0x000000000000007b       0x7c Src/system_stm32f1xx.o

.debug_frame    0x0000000000000000     0x1bb0
 .debug_frame   0x0000000000000000      0x334 Drivers/STM32F1xx_HAL_Driver/Src/stm32f1xx_hal.o
 .debug_frame   0x0000000000000334       0xd8 Middlewares/Third_Party/FreeRTOS/Source/list.o
 .debug_frame   0x000000000000040c      0x420 Middlewares/Third_Party/FreeRTOS/Source/queue.o
 .debug_frame   0x000000000000082c      0x704 Middlewares/Third_Party/FreeRTOS/Source/tasks.o
 .debug_frame   0x0000000000000f30      0x198 Middlewares/Third_Party/FreeRTOS/Source/portable/GCC/ARM_CM3/port.o
 .debug_frame   0x00000000000010c8      0x108 Middlewares/Third_Party/FreeRTOS/Source/portable/MemMang/heap_4.o
 .debug_frame   0x00000000000011d0       0xb4 Src/libADC.o
 .debug_frame   0x0000000000001284       0x30 Src/libRCC.o
 .debug_frame   0x00000000000012b4      0x114 Src/libRTOS.o
 .debug_frame   0x00000000000013c8      0x150 Src/libTIM.o
 .debug_frame   0x0000000000001518       0xe0 Src/libUSART.o
 .debug_frame   0x00000000000015f8       0x54 Src/main.o
 .debug_frame   0x000000000000164c       0xcc Src/stm32f1xx_it.o
 .debug_frame   0x0000000000001718       0x34 Src/sysmem.o
 .debug_frame   0x000000000000174c       0x58 Src/system_stm32f1xx.o
 .debug_frame   0x00000000000017a4       0x20 /home/user/Programs/stm/plugins/com.st.stm32cube.ide.mcu.externaltools.gnu-tools-for-stm32.7-2018-q2-update.linux64_1.0.0.201904181610/tools/bin/../lib/gcc/arm-none-eabi/7.3.1/../../../../arm-none-eabi/lib/thumb/v7-m/libc_nano.a(lib_a-errno.o)
 .debug_frame   0x00000000000017c4       0x2c /home/user/Programs/stm/plugins/com.st.stm32cube.ide.mcu.externaltools.gnu-tools-for-stm32.7-2018-q2-update.linux64_1.0.0.201904181610/tools/bin/../lib/gcc/arm-none-eabi/7.3.1/../../../../arm-none-eabi/lib/thumb/v7-m/libc_nano.a(lib_a-init.o)
 .debug_frame   0x00000000000017f0       0x28 /home/user/Programs/stm/plugins/com.st.stm32cube.ide.mcu.externaltools.gnu-tools-for-stm32.7-2018-q2-update.linux64_1.0.0.201904181610/tools/bin/../lib/gcc/arm-none-eabi/7.3.1/../../../../arm-none-eabi/lib/thumb/v7-m/libc_nano.a(lib_a-memcpy-stub.o)
 .debug_frame   0x0000000000001818       0x20 /home/user/Programs/stm/plugins/com.st.stm32cube.ide.mcu.externaltools.gnu-tools-for-stm32.7-2018-q2-update.linux64_1.0.0.201904181610/tools/bin/../lib/gcc/arm-none-eabi/7.3.1/../../../../arm-none-eabi/lib/thumb/v7-m/libc_nano.a(lib_a-memset.o)
 .debug_frame   0x0000000000001838       0x6c /home/user/Programs/stm/plugins/com.st.stm32cube.ide.mcu.externaltools.gnu-tools-for-stm32.7-2018-q2-update.linux64_1.0.0.201904181610/tools/bin/../lib/gcc/arm-none-eabi/7.3.1/../../../../arm-none-eabi/lib/thumb/v7-m/libc_nano.a(lib_a-sprintf.o)
 .debug_frame   0x00000000000018a4       0x28 /home/user/Programs/stm/plugins/com.st.stm32cube.ide.mcu.externaltools.gnu-tools-for-stm32.7-2018-q2-update.linux64_1.0.0.201904181610/tools/bin/../lib/gcc/arm-none-eabi/7.3.1/../../../../arm-none-eabi/lib/thumb/v7-m/libc_nano.a(lib_a-strncmp.o)
 .debug_frame   0x00000000000018cc       0x2c /home/user/Programs/stm/plugins/com.st.stm32cube.ide.mcu.externaltools.gnu-tools-for-stm32.7-2018-q2-update.linux64_1.0.0.201904181610/tools/bin/../lib/gcc/arm-none-eabi/7.3.1/../../../../arm-none-eabi/lib/thumb/v7-m/libc_nano.a(lib_a-strncpy.o)
 .debug_frame   0x00000000000018f8       0x90 /home/user/Programs/stm/plugins/com.st.stm32cube.ide.mcu.externaltools.gnu-tools-for-stm32.7-2018-q2-update.linux64_1.0.0.201904181610/tools/bin/../lib/gcc/arm-none-eabi/7.3.1/../../../../arm-none-eabi/lib/thumb/v7-m/libc_nano.a(lib_a-nano-svfprintf.o)
 .debug_frame   0x0000000000001988       0x60 /home/user/Programs/stm/plugins/com.st.stm32cube.ide.mcu.externaltools.gnu-tools-for-stm32.7-2018-q2-update.linux64_1.0.0.201904181610/tools/bin/../lib/gcc/arm-none-eabi/7.3.1/../../../../arm-none-eabi/lib/thumb/v7-m/libc_nano.a(lib_a-nano-vfprintf_i.o)
 .debug_frame   0x00000000000019e8       0x28 /home/user/Programs/stm/plugins/com.st.stm32cube.ide.mcu.externaltools.gnu-tools-for-stm32.7-2018-q2-update.linux64_1.0.0.201904181610/tools/bin/../lib/gcc/arm-none-eabi/7.3.1/../../../../arm-none-eabi/lib/thumb/v7-m/libc_nano.a(lib_a-memchr-stub.o)
 .debug_frame   0x0000000000001a10       0x28 /home/user/Programs/stm/plugins/com.st.stm32cube.ide.mcu.externaltools.gnu-tools-for-stm32.7-2018-q2-update.linux64_1.0.0.201904181610/tools/bin/../lib/gcc/arm-none-eabi/7.3.1/../../../../arm-none-eabi/lib/thumb/v7-m/libc_nano.a(lib_a-memmove.o)
 .debug_frame   0x0000000000001a38       0x38 /home/user/Programs/stm/plugins/com.st.stm32cube.ide.mcu.externaltools.gnu-tools-for-stm32.7-2018-q2-update.linux64_1.0.0.201904181610/tools/bin/../lib/gcc/arm-none-eabi/7.3.1/../../../../arm-none-eabi/lib/thumb/v7-m/libc_nano.a(lib_a-nano-freer.o)
 .debug_frame   0x0000000000001a70       0x2c /home/user/Programs/stm/plugins/com.st.stm32cube.ide.mcu.externaltools.gnu-tools-for-stm32.7-2018-q2-update.linux64_1.0.0.201904181610/tools/bin/../lib/gcc/arm-none-eabi/7.3.1/../../../../arm-none-eabi/lib/thumb/v7-m/libc_nano.a(lib_a-nano-mallocr.o)
 .debug_frame   0x0000000000001a9c       0x3c /home/user/Programs/stm/plugins/com.st.stm32cube.ide.mcu.externaltools.gnu-tools-for-stm32.7-2018-q2-update.linux64_1.0.0.201904181610/tools/bin/../lib/gcc/arm-none-eabi/7.3.1/../../../../arm-none-eabi/lib/thumb/v7-m/libc_nano.a(lib_a-nano-reallocr.o)
 .debug_frame   0x0000000000001ad8       0x2c /home/user/Programs/stm/plugins/com.st.stm32cube.ide.mcu.externaltools.gnu-tools-for-stm32.7-2018-q2-update.linux64_1.0.0.201904181610/tools/bin/../lib/gcc/arm-none-eabi/7.3.1/../../../../arm-none-eabi/lib/thumb/v7-m/libc_nano.a(lib_a-sbrkr.o)
 .debug_frame   0x0000000000001b04       0x30 /home/user/Programs/stm/plugins/com.st.stm32cube.ide.mcu.externaltools.gnu-tools-for-stm32.7-2018-q2-update.linux64_1.0.0.201904181610/tools/bin/../lib/gcc/arm-none-eabi/7.3.1/../../../../arm-none-eabi/lib/thumb/v7-m/libc_nano.a(lib_a-mlock.o)
 .debug_frame   0x0000000000001b34       0x20 /home/user/Programs/stm/plugins/com.st.stm32cube.ide.mcu.externaltools.gnu-tools-for-stm32.7-2018-q2-update.linux64_1.0.0.201904181610/tools/bin/../lib/gcc/arm-none-eabi/7.3.1/../../../../arm-none-eabi/lib/thumb/v7-m/libc_nano.a(lib_a-nano-msizer.o)
 .debug_frame   0x0000000000001b54       0x5c /home/user/Programs/stm/plugins/com.st.stm32cube.ide.mcu.externaltools.gnu-tools-for-stm32.7-2018-q2-update.linux64_1.0.0.201904181610/tools/bin/../lib/gcc/arm-none-eabi/7.3.1/../../../../arm-none-eabi/lib/thumb/v7-m/libc_nano.a(lib_a-reent.o)
